// Jest Snapshot v1, https://goo.gl/fbAQLP

exports[`renders correctly 1`] = `
<article
  className="pf-c-card footer-card"
  data-ouia-component-id={0}
  data-ouia-component-type="PF4/Card"
  data-ouia-safe={true}
>
  <div
    className="pf-l-grid"
  >
    <div
      className="pf-l-grid__item pf-m-12-col text"
    >
      <a
        href="https://cd.foundation"
      >
        <img
          alt="tekton.dev"
          src="https://tekton.dev/partner-logos/cdf.png"
        />
      </a>
    </div>
    <div
      className="pf-l-grid__item pf-m-12-col text"
    >
      <div
        className="pf-c-content text-color"
      >
        <h3
          className=""
          data-pf-content={true}
        >
          Tekton is a
           
          <a
            className=""
            data-pf-content={true}
            href="https://cd.foundation"
          >
            Continuous Delivery Foundation
          </a>
           
          project.
        </h3>
      </div>
    </div>
    <div
      className="pf-l-grid__item pf-m-12-col logo-margin"
    >
      <img
        alt="Tekton"
        className="logo-size"
        src="tekton.png"
      />
    </div>
    <div
      className="pf-l-grid__item pf-m-12-col footer-description"
    >
      <p
        className=""
        data-pf-content={true}
      >
        © 2020 The Linux Foundation®. All rights reserved. The Linux Foundation has registered trademarks and uses trademarks. For a list of trademarks of The Linux Foundation, please see our
         
        <a
          className=""
          data-pf-content={true}
          href="https://www.linuxfoundation.org/trademark-usage/"
        >
          Trademark Usage page
        </a>
        . Linux is a registered trademark of Linus Torvalds.
         
        <a
          className=""
          data-pf-content={true}
          href="https://www.linuxfoundation.org/privacy/"
        >
          Privacy Policy
        </a>
         
        and
         
        <a
          className=""
          data-pf-content={true}
          href="https://www.linuxfoundation.org/terms/"
        >
          Terms of Use
        </a>
         
        .
      </p>
    </div>
  </div>
</article>
`;
