// Jest Snapshot v1, https://goo.gl/fbAQLP

exports[`renders correctly 1`] = `
<input
  aria-invalid={false}
  aria-label="text input example"
  className="pf-c-form-control search-bar"
  disabled={false}
  onBlur={[Function]}
  onChange={[Function]}
  onFocus={[Function]}
  placeholder="Search for resources..."
  readOnly={false}
  required={false}
  spellCheck="false"
  type="search"
  value=""
/>
`;
